// Jest Snapshot v1, https://goo.gl/fbAQLP

exports[`useArraySelector update render when reactive class changed 1`] = `"[1,\\"1\\",[1]]"`;

exports[`useArraySelector update render when reactive class changed 2`] = `"[2,\\"2\\",[2]]"`;

exports[`useArraySelector update render when reactive class changed 3`] = `null`;
