// Jest Snapshot v1, https://goo.gl/fbAQLP

exports[`useSelector will update render 1`] = `"a"`;

exports[`useSelector will update render 2`] = `"b"`;

exports[`useSelector will update render 3`] = `null`;
