// Jest Snapshot v1, https://goo.gl/fbAQLP

exports[`generate with legal env generate env.ts. 1`] = `
"// Generated by dotenv-generator.
export const env = {
  \\"A\\": \\"a\\",
  \\"B\\": \\"bb\\"
};
"
`;
